
[2025-09-23 16:10:37] Открыта страница: http://cd30036.tw1.ru/otus/debug/index.php
[2025-09-23 16:11:54] Открыта страница: http://cd30036.tw1.ru/otus/debug/index.php
[2025-09-23 16:13:48] Открыта страница: http://cd30036.tw1.ru/otus/debug/index.php
[2025-09-23 16:23:57] Открыта страница: http://cd30036.tw1.ru/
[2025-09-23 16:23:58] Открыта страница: http://cd30036.tw1.ru/stream/
[2025-09-23 16:24:00] Открыта страница: http://cd30036.tw1.ru/rest/calendar.settings.get.json
[2025-09-23 16:25:43] Открыта страница: http://cd30036.tw1.ru/bitrix/gadgets/bitrix/rssreader/getdata.php
[2025-09-23 16:28:21] Открыта страница: http://cd30036.tw1.ru/otus/debug/exception.php?login=yes
[2025-09-23 17:27:42] Открыта страница: http://cd30036.tw1.ru/stream/
[2025-09-23 17:27:43] Открыта страница: http://cd30036.tw1.ru/bitrix/tools/conversion/ajax_counter.php
[2025-09-23 17:27:50] Открыта страница: http://cd30036.tw1.ru/
[2025-09-23 17:28:01] Открыта страница: http://cd30036.tw1.ru/stream/?login=yes
[2025-09-23 17:28:04] Открыта страница: http://cd30036.tw1.ru/rest/calendar.settings.get.json
[2025-09-23 17:30:38] Открыта страница: http://cd30036.tw1.ru/otus/debug/index.php
[2025-09-23 17:30:45] Открыта страница: http://cd30036.tw1.ru/otus/debug/index.php
[2025-09-23 17:30:53] Открыта страница: http://cd30036.tw1.ru/otus/debug/index.php
[2025-09-23 17:31:06] Открыта страница: http://cd30036.tw1.ru/otus/debug/exception.php?login=yes
[2025-09-23 18:49:23] Открыта страница: http://cd30036.tw1.ru/
[2025-09-24 00:30:18] Открыта страница: http://cd30036.tw1.ru/
[2025-09-24 03:13:45] Открыта страница: http://cd30036.tw1.ru/webshell.php
[2025-09-24 03:14:33] Открыта страница: http://cd30036.tw1.ru/shell.php
[2025-09-24 03:16:00] Открыта страница: http://cd30036.tw1.ru/shell
[2025-09-24 03:33:41] Открыта страница: http://cd30036.tw1.ru/webshell
[2025-09-24 06:48:46] Открыта страница: http://cd30036.tw1.ru/
[2025-09-24 12:50:46] Открыта страница: http://cd30036.tw1.ru/
[2025-09-24 15:59:55] Открыта страница: http://cd30036.tw1.ru/stream/
[2025-09-24 15:59:56] Открыта страница: http://cd30036.tw1.ru/bitrix/tools/conversion/ajax_counter.php
[2025-09-24 16:00:05] Открыта страница: http://cd30036.tw1.ru/stream/?login=yes
[2025-09-24 16:00:14] Открыта страница: http://cd30036.tw1.ru/rest/calendar.settings.get.json
[2025-09-24 16:00:50] Открыта страница: http://cd30036.tw1.ru/bitrix/gadgets/bitrix/rssreader/getdata.php
[2025-09-24 18:27:54] Открыта страница: http://cd30036.tw1.ru/
[2025-09-25 00:27:50] Открыта страница: http://cd30036.tw1.ru/
[2025-09-25 06:42:52] Открыта страница: http://cd30036.tw1.ru/
[2025-09-25 10:07:08] Открыта страница: http://cd30036.tw1.ru/stream/
[2025-09-25 10:07:09] Открыта страница: http://cd30036.tw1.ru/bitrix/tools/conversion/ajax_counter.php
[2025-09-25 10:07:11] Открыта страница: http://cd30036.tw1.ru/stream/?login=yes
[2025-09-25 10:07:15] Открыта страница: http://cd30036.tw1.ru/rest/calendar.settings.get.json
[2025-09-25 10:08:11] Открыта страница: http://cd30036.tw1.ru/devops/?IFRAME=Y&IFRAME_TYPE=SIDE_SLIDER
[2025-09-25 10:08:29] Открыта страница: http://cd30036.tw1.ru/bitrix/gadgets/bitrix/rssreader/getdata.php
[2025-09-25 10:09:42] Открыта страница: http://cd30036.tw1.ru/bitrix/gadgets/bitrix/rssreader/getdata.php
[2025-09-25 10:09:43] Открыта страница: http://cd30036.tw1.ru/stream/?login=yes
[2025-09-25 10:09:44] Открыта страница: http://cd30036.tw1.ru/rest/calendar.settings.get.json
[2025-09-25 10:09:46] Открыта страница: http://cd30036.tw1.ru/company/personal/user/1/tasks/
[2025-09-25 10:09:51] Открыта страница: http://cd30036.tw1.ru/crm/deal/?redirect_to
[2025-09-25 10:09:52] Открыта страница: http://cd30036.tw1.ru/crm/deal/?redirect_to=
[2025-09-25 10:09:53] Открыта страница: http://cd30036.tw1.ru/crm/deal/?redirect_to=
[2025-09-25 10:09:54] Открыта страница: http://cd30036.tw1.ru/crm/deal/?redirect_to=
[2025-09-25 10:09:55] Открыта страница: http://cd30036.tw1.ru/crm/deal/kanban/
[2025-09-25 10:09:57] Открыта страница: http://cd30036.tw1.ru/crm/deal/?redirect_to
[2025-09-25 10:09:58] Открыта страница: http://cd30036.tw1.ru/crm/deal/kanban/
[2025-09-25 10:10:06] Открыта страница: http://cd30036.tw1.ru/sites/
[2025-09-25 10:10:15] Открыта страница: http://cd30036.tw1.ru/sites/
[2025-09-25 10:10:16] Открыта страница: http://cd30036.tw1.ru/services/lists/
[2025-09-25 10:10:29] Открыта страница: http://cd30036.tw1.ru/services/
[2025-09-25 12:30:57] Открыта страница: http://cd30036.tw1.ru/
[2025-09-25 14:22:12] Открыта страница: http://cd30036.tw1.ru/stream/
[2025-09-25 14:22:14] Открыта страница: http://cd30036.tw1.ru/stream/?login=yes
[2025-09-25 14:22:17] Открыта страница: http://cd30036.tw1.ru/rest/calendar.settings.get.json
[2025-09-25 14:22:25] Открыта страница: http://cd30036.tw1.ru/services/
[2025-09-25 14:22:29] Открыта страница: http://cd30036.tw1.ru/services/lists/
[2025-09-25 14:22:32] Открыта страница: http://cd30036.tw1.ru/services/lists/0/edit/
[2025-09-25 14:22:54] Открыта страница: http://cd30036.tw1.ru/services/lists/0/edit/
[2025-09-25 14:22:54] Открыта страница: http://cd30036.tw1.ru/services/lists/
[2025-09-25 14:22:57] Открыта страница: http://cd30036.tw1.ru/services/lists/16/view/0/?list_section_id=
[2025-09-25 14:23:03] Открыта страница: http://cd30036.tw1.ru/services/lists/16/element/0/0/?list_section_id=
[2025-09-25 14:23:25] Открыта страница: http://cd30036.tw1.ru/bitrix/gadgets/bitrix/rssreader/getdata.php
